// Jest Snapshot v1, https://goo.gl/fbAQLP

exports[`Calculator Component Test test for Calculator 1`] = `
<div
  class="calc-result"
>
  -8
</div>
`;
