// Jest Snapshot v1, https://goo.gl/fbAQLP

exports[`Home Component Test test for Home compo 1`] = `
<h2>
  Welcome to our page!
</h2>
`;
